[     284ms] [LOG] [User service] fetching user @ http://localhost:4200/chunk-SGYI7ULT.js:5
[     286ms] [WARNING] @ngrx/signals: SignalStore members cannot be overridden. Trying to override: userService, loggerService @ http://localhost:4200/@fs/C:/repos/finder/app/finder/.angular/cache/21.2.15/finder/vite/deps/chunk-NNQTGDVV.js?v=a6452371:279
[     333ms] [LOG] Angular is running in development mode. @ http://localhost:4200/@fs/C:/repos/finder/app/finder/.angular/cache/21.2.15/finder/vite/deps/chunk-P3OHJKS6.js?v=a6452371:11243
[     361ms] [LOG] [UserStore] patching user {isAuthenticated: true, name: Test User 1, email: testuser1@neongrey.de, role: TestUser, language: en} @ http://localhost:4200/chunk-SGYI7ULT.js:5
[     566ms] [LOG] user is authenticated @ http://localhost:4200/chunk-SGYI7ULT.js:8
[     567ms] [LOG] redirect to project overview @ http://localhost:4200/chunk-SGYI7ULT.js:8
[     572ms] [LOG] Login by token with redirectUrl @ http://localhost:4200/chunk-SGYI7ULT.js:8
[     573ms] [LOG] [User service] login by token @ http://localhost:4200/chunk-SGYI7ULT.js:5
[     621ms] [LOG] [UserAuthentication] Trying to access /project/overview @ http://localhost:4200/chunk-SGYI7ULT.js:5
[     622ms] [LOG] [User service] fetching user @ http://localhost:4200/chunk-SGYI7ULT.js:5
[     637ms] [LOG] [UserStore] patching user {isAuthenticated: true, name: Test User 1, email: testuser1@neongrey.de, role: TestUser, language: en} @ http://localhost:4200/chunk-SGYI7ULT.js:5
[     638ms] [ERROR] Failed to load resource: the server responded with a status of 401 (Unauthorized) @ http://localhost:4200/api/auth/tokenLogin:0
[     640ms] [LOG] [UserStore] Error while logging in with token HttpErrorResponse @ http://localhost:4200/chunk-SGYI7ULT.js:8
[     641ms] [LOG] user is authenticated @ http://localhost:4200/chunk-SGYI7ULT.js:8
[     641ms] [LOG] redirect to project overview @ http://localhost:4200/chunk-SGYI7ULT.js:8
[     646ms] [LOG] [UserAuthentication] Trying to access /project/overview @ http://localhost:4200/chunk-SGYI7ULT.js:5
[     647ms] [LOG] [User service] fetching user @ http://localhost:4200/chunk-SGYI7ULT.js:5
[     733ms] [LOG] [UserAuthentication] User is authenticated @ http://localhost:4200/chunk-SGYI7ULT.js:5
[     850ms] [LOG] [ProjectService] fetching projects @ http://localhost:4200/chunk-SGYI7ULT.js:5
[     851ms] [LOG] [ProjectService] fetching standalone polls @ http://localhost:4200/chunk-SGYI7ULT.js:5
