[      90ms] [LOG] [User service] fetching user @ http://localhost:4200/chunk-SGYI7ULT.js:5
[      91ms] [WARNING] @ngrx/signals: SignalStore members cannot be overridden. Trying to override: userService, loggerService @ http://localhost:4200/@fs/C:/repos/finder/app/finder/.angular/cache/21.2.15/finder/vite/deps/chunk-NNQTGDVV.js?v=08b66c19:279
[     115ms] [LOG] Angular is running in development mode. @ http://localhost:4200/@fs/C:/repos/finder/app/finder/.angular/cache/21.2.15/finder/vite/deps/chunk-P3OHJKS6.js?v=08b66c19:11243
[     119ms] [LOG] [UserAuthentication] Trying to access /project/detail/permission-test-project-0b1d703c/results/should-we-proceed-2ed78fc2 @ http://localhost:4200/chunk-SGYI7ULT.js:5
[     120ms] [LOG] [User service] fetching user @ http://localhost:4200/chunk-SGYI7ULT.js:5
[     139ms] [LOG] [UserStore] patching user {isAuthenticated: true, name: Test User 1, email: testuser1@neongrey.de, role: TestUser, language: en} @ http://localhost:4200/chunk-SGYI7ULT.js:5
[     171ms] [LOG] [UserAuthentication] User is authenticated @ http://localhost:4200/chunk-SGYI7ULT.js:5
[     249ms] [WARNING] NG0912: Component ID generation collision detected. Components '_Header' and '_Header' with selector 'p-header' generated the same component ID. To fix this, you can change the selector of one of those components or add an extra host attribute to force a different ID. Find more at https://v21.angular.dev/errors/NG0912 @ http://localhost:4200/@fs/C:/repos/finder/app/finder/.angular/cache/21.2.15/finder/vite/deps/chunk-P3OHJKS6.js?v=08b66c19:10212
[     250ms] [WARNING] NG0912: Component ID generation collision detected. Components '_Footer' and '_Footer' with selector 'p-footer' generated the same component ID. To fix this, you can change the selector of one of those components or add an extra host attribute to force a different ID. Find more at https://v21.angular.dev/errors/NG0912 @ http://localhost:4200/@fs/C:/repos/finder/app/finder/.angular/cache/21.2.15/finder/vite/deps/chunk-P3OHJKS6.js?v=08b66c19:10212
[     268ms] [LOG] [ProjectService] fetching project @ http://localhost:4200/chunk-SGYI7ULT.js:5
[     271ms] [LOG] [ProjectService] fetching poll @ http://localhost:4200/chunk-SGYI7ULT.js:5
[    8515ms] [LOG] [ProjectService] adding comment to poll should-we-proceed-2ed78fc2 @ http://localhost:4200/chunk-SGYI7ULT.js:5
[    8543ms] [LOG] [ProjectService] adding comment to poll should-we-proceed-2ed78fc2 @ http://localhost:4200/chunk-SGYI7ULT.js:5
[    8570ms] [LOG] [ProjectService] adding comment to poll should-we-proceed-2ed78fc2 @ http://localhost:4200/chunk-SGYI7ULT.js:5
[    8593ms] [LOG] [ProjectService] adding comment to poll should-we-proceed-2ed78fc2 @ http://localhost:4200/chunk-SGYI7ULT.js:5
[    8617ms] [LOG] [ProjectService] adding comment to poll should-we-proceed-2ed78fc2 @ http://localhost:4200/chunk-SGYI7ULT.js:5
[    8649ms] [LOG] [ProjectService] adding comment to poll should-we-proceed-2ed78fc2 @ http://localhost:4200/chunk-SGYI7ULT.js:5
[    8672ms] [LOG] [ProjectService] adding comment to poll should-we-proceed-2ed78fc2 @ http://localhost:4200/chunk-SGYI7ULT.js:5
[    8700ms] [LOG] [ProjectService] adding comment to poll should-we-proceed-2ed78fc2 @ http://localhost:4200/chunk-SGYI7ULT.js:5
[    8722ms] [LOG] [ProjectService] adding comment to poll should-we-proceed-2ed78fc2 @ http://localhost:4200/chunk-SGYI7ULT.js:5
[    8747ms] [LOG] [ProjectService] adding comment to poll should-we-proceed-2ed78fc2 @ http://localhost:4200/chunk-SGYI7ULT.js:5
[    8773ms] [LOG] [ProjectService] adding comment to poll should-we-proceed-2ed78fc2 @ http://localhost:4200/chunk-SGYI7ULT.js:5
[    8801ms] [LOG] [ProjectService] adding comment to poll should-we-proceed-2ed78fc2 @ http://localhost:4200/chunk-SGYI7ULT.js:5
[    8832ms] [LOG] [ProjectService] adding comment to poll should-we-proceed-2ed78fc2 @ http://localhost:4200/chunk-SGYI7ULT.js:5
[    8865ms] [LOG] [ProjectService] adding comment to poll should-we-proceed-2ed78fc2 @ http://localhost:4200/chunk-SGYI7ULT.js:5
[  442117ms] [LOG] [User service] fetching user @ http://localhost:4200/chunk-SGYI7ULT.js:5
[  442118ms] [WARNING] @ngrx/signals: SignalStore members cannot be overridden. Trying to override: userService, loggerService @ http://localhost:4200/@fs/C:/repos/finder/app/finder/.angular/cache/21.2.15/finder/vite/deps/chunk-NNQTGDVV.js?v=08b66c19:279
[  442149ms] [LOG] Angular is running in development mode. @ http://localhost:4200/@fs/C:/repos/finder/app/finder/.angular/cache/21.2.15/finder/vite/deps/chunk-P3OHJKS6.js?v=08b66c19:11243
[  442152ms] [LOG] [UserAuthentication] Trying to access /project/detail/permission-test-project-0b1d703c/results/should-we-proceed-2ed78fc2 @ http://localhost:4200/chunk-SGYI7ULT.js:5
[  442153ms] [LOG] [User service] fetching user @ http://localhost:4200/chunk-SGYI7ULT.js:5
[  442402ms] [LOG] [UserStore] patching user {isAuthenticated: true, name: Test User 1, email: testuser1@neongrey.de, role: TestUser, language: en} @ http://localhost:4200/chunk-SGYI7ULT.js:5
[  442437ms] [LOG] [UserAuthentication] User is authenticated @ http://localhost:4200/chunk-SGYI7ULT.js:5
[  442571ms] [WARNING] NG0912: Component ID generation collision detected. Components '_Header' and '_Header' with selector 'p-header' generated the same component ID. To fix this, you can change the selector of one of those components or add an extra host attribute to force a different ID. Find more at https://v21.angular.dev/errors/NG0912 @ http://localhost:4200/@fs/C:/repos/finder/app/finder/.angular/cache/21.2.15/finder/vite/deps/chunk-P3OHJKS6.js?v=08b66c19:10212
[  442572ms] [WARNING] NG0912: Component ID generation collision detected. Components '_Footer' and '_Footer' with selector 'p-footer' generated the same component ID. To fix this, you can change the selector of one of those components or add an extra host attribute to force a different ID. Find more at https://v21.angular.dev/errors/NG0912 @ http://localhost:4200/@fs/C:/repos/finder/app/finder/.angular/cache/21.2.15/finder/vite/deps/chunk-P3OHJKS6.js?v=08b66c19:10212
[  442593ms] [LOG] [ProjectService] fetching project @ http://localhost:4200/chunk-SGYI7ULT.js:5
[  442597ms] [LOG] [ProjectService] fetching poll @ http://localhost:4200/chunk-SGYI7ULT.js:5
