[     413ms] [LOG] [User service] fetching user @ http://localhost:4200/chunk-SGYI7ULT.js:5
[     416ms] [WARNING] @ngrx/signals: SignalStore members cannot be overridden. Trying to override: userService, loggerService @ http://localhost:4200/@fs/C:/repos/finder/app/finder/.angular/cache/21.2.15/finder/vite/deps/chunk-NNQTGDVV.js?v=d15d9b87:279
[     485ms] [LOG] Angular is running in development mode. @ http://localhost:4200/@fs/C:/repos/finder/app/finder/.angular/cache/21.2.15/finder/vite/deps/chunk-P3OHJKS6.js?v=d15d9b87:11243
[     591ms] [LOG] [UserStore] patching user {isAuthenticated: true, name: Test User 1, email: testuser1@neongrey.de, role: TestUser, language: en} @ http://localhost:4200/chunk-SGYI7ULT.js:5
[     750ms] [LOG] user is authenticated @ http://localhost:4200/chunk-SGYI7ULT.js:8
[     752ms] [LOG] redirect to project overview @ http://localhost:4200/chunk-SGYI7ULT.js:8
[     760ms] [LOG] Login by token with redirectUrl @ http://localhost:4200/chunk-SGYI7ULT.js:8
[     761ms] [LOG] [User service] login by token @ http://localhost:4200/chunk-SGYI7ULT.js:5
[     787ms] [LOG] [UserAuthentication] Trying to access /project/overview @ http://localhost:4200/chunk-SGYI7ULT.js:5
[     788ms] [LOG] [User service] fetching user @ http://localhost:4200/chunk-SGYI7ULT.js:5
[     822ms] [LOG] [UserStore] patching user {isAuthenticated: true, name: Test User 1, email: testuser1@neongrey.de, role: TestUser, language: en} @ http://localhost:4200/chunk-SGYI7ULT.js:5
[     823ms] [LOG] user is authenticated @ http://localhost:4200/chunk-SGYI7ULT.js:8
[     823ms] [LOG] redirect to project overview @ http://localhost:4200/chunk-SGYI7ULT.js:8
[     828ms] [LOG] [UserAuthentication] Trying to access /project/overview @ http://localhost:4200/chunk-SGYI7ULT.js:5
[     829ms] [LOG] [User service] fetching user @ http://localhost:4200/chunk-SGYI7ULT.js:5
[    1323ms] [ERROR] Failed to load resource: the server responded with a status of 401 (Unauthorized) @ http://localhost:4200/api/auth/tokenLogin:0
[    1324ms] [LOG] [UserStore] Error while logging in with token HttpErrorResponse @ http://localhost:4200/chunk-SGYI7ULT.js:8
[    1549ms] [LOG] [UserAuthentication] User is authenticated @ http://localhost:4200/chunk-SGYI7ULT.js:5
[    1711ms] [LOG] [ProjectService] fetching projects @ http://localhost:4200/chunk-SGYI7ULT.js:5
[    1713ms] [LOG] [ProjectService] fetching standalone polls @ http://localhost:4200/chunk-SGYI7ULT.js:5
